Godot Engine v4.6.3.stable.official.7d41c59c4 - https://godotengine.org

UNSAFE edge accepted before confirmation: true
SCRIPT ERROR: Invalid access to property or key 'node_999' on a base object of type 'Dictionary'.
          at: rebuild (res://scripts/galaxy_transit.gd:52)
          GDScript backtrace (most recent call first):
              [0] rebuild (res://scripts/galaxy_transit.gd:52)
              [1] run (res://../test/reproduce-unsafe-graph.gd:22)
UNSAFE type accepted before confirmation: true
SCRIPT ERROR: Invalid access to property or key 'unknown_construct' on a base object of type 'Dictionary'.
          at: fit_size (res://scripts/galaxy_map.gd:300)
          GDScript backtrace (most recent call first):
              [0] fit_size (res://scripts/galaxy_map.gd:300)
              [1] run (res://../test/reproduce-unsafe-graph.gd:25)
WARNING: 1 RID of type "Canvas" was leaked.
   at: _free_rids (servers/rendering/renderer_canvas_cull.cpp:2690)
WARNING: 1 RID of type "CanvasItem" was leaked.
   at: _free_rids (servers/rendering/renderer_canvas_cull.cpp:2690)
WARNING: ObjectDB instances leaked at exit (run with --verbose for details).
   at: cleanup (core/object/object.cpp:2663)
ERROR: 1 resources still in use at exit (run with --verbose for details).
   at: clear (core/io/resource.cpp:810)
ERROR: 1 RID allocations of type 'N16RendererViewport8ViewportE' were leaked at exit.
ERROR: 1 RID allocations of type 'PN13RendererDummy14TextureStorage12DummyTextureE' were leaked at exit.
ERROR: 1 RID allocations of type 'N17RendererSceneCull8InstanceE' were leaked at exit.
ERROR: 1 RID allocations of type 'N17RendererSceneCull6CameraE' were leaked at exit.
